CCS PCB C Compiler, Version 4.104, 5967               28-oct.-18 22:17

               Filename: C:\Users\NormanBrandon\Desktop\Cajero-Automatico\Programa_Tarjeta\prueba1.lst

               ROM used: 11 words (2%)
                         Largest free fragment is 501
               RAM used: 3 (12%) at main() level
                         3 (12%) worst case
               Stack:    0 locations

*
0000:  GOTO   001
....................  #include <12f508.h> 
.................... //////// Standard Header file for the PIC12F508 device //////////////// 
.................... #device PIC12F508 
.................... #list 
....................  
....................  #fuses NOWDT,NOPROTECT,NOMCLR 
....................  #byte OSC = 0x05 
....................  #define GP2 PIN_B2 
.................... void main(){ 
*
0001:  CLRF   04
.................... OSC = 0b11111111; 
*
0004:  MOVLW  FF
0005:  MOVWF  05
.................... while(true){ 
....................    output_high(PIN_B2); 
0006:  BCF    09.2
0007:  MOVF   09,W
0008:  TRIS   6
0009:  BSF    06.2
....................     
.................... } 
000A:  GOTO   006
.................... } 
000B:  SLEEP

Configuration Fuses:
   Word  1: 0FEB   RC NOWDT NOPROTECT NOMCLR
